%!Adobe-FontList 1.25
%Locale:0x409

%BeginFont
Handler:DirectoryHandler
FontType:Invalid
OutlineFileName:C:\Users\harsh\OneDrive\Desktop\ArtNDeco\Ideation\Task 0\MainLawn Font\Font\Be84HxbDDuvyfZMxWLwX - 0 - Q3Ich.jpg
FileModTime:1776241227
%EndFont

%BeginFont
Handler:DirectoryHandler
FontType:Invalid
OutlineFileName:C:\Users\harsh\OneDrive\Desktop\ArtNDeco\Ideation\Task 0\MainLawn Font\Font\Be84HxbDDuvyfZMxWLwX--0--Q3Ich-removebg-preview.png
FileModTime:1776241296
%EndFont

%BeginFont
Handler:DirectoryHandler
FontType:Invalid
OutlineFileName:C:\Users\harsh\OneDrive\Desktop\ArtNDeco\Ideation\Task 0\MainLawn Font\Font\asdfasdf.png
FileModTime:1776242689
%EndFont

%BeginFont
Handler:DirectoryHandler
FontType:Invalid
OutlineFileName:C:\Users\harsh\OneDrive\Desktop\ArtNDeco\Ideation\Task 0\MainLawn Font\Font\font.zip
FileModTime:1776240887
%EndFont

%BeginFont
Handler:DirectoryHandler
FontType:Invalid
OutlineFileName:C:\Users\harsh\OneDrive\Desktop\ArtNDeco\Ideation\Task 0\MainLawn Font\Font\font\7Mq1XnZQbioWFCBayimG--0--JcAoz.webp
FileModTime:1776241147
%EndFont

%BeginFont
Handler:DirectoryHandler
FontType:Invalid
OutlineFileName:C:\Users\harsh\OneDrive\Desktop\ArtNDeco\Ideation\Task 0\MainLawn Font\Font\font\Be84HxbDDuvyfZMxWLwX--0--Q3Ich.webp
FileModTime:1776241147
%EndFont

